// Vitest Snapshot v1, https://vitest.dev/guide/snapshot.html

exports[`ModalFilter > should snapshoot ModalFilter 1`] = `
<DocumentFragment>
  <div
    id="__root"
  >
    <div
      id="__modal"
    >
      <div
        class="modal"
      >
        <div
          class="opacity-100 scale-100 min-w-[90vw] mt-[70%] flex flex-col gap-[16px]"
        >
          <div
            class="flex items-center justify-between gap-8"
          >
            <h5
              class="block font-bold text-black-90 text-h5 md:text-large"
            >
              Filter
            </h5>
            <svg
              class="cursor-pointer hover:fill-primary-40"
              fill="currentColor"
              height="1em"
              stroke="currentColor"
              stroke-width="0"
              viewBox="0 0 24 24"
              width="1em"
              xmlns="http://www.w3.org/2000/svg"
            >
              <path
                d="M0 0h24v24H0z"
                fill="none"
              />
              <path
                d="M19 6.41L17.59 5 12 10.59 6.41 5 5 6.41 10.59 12 5 17.59 6.41 19 12 13.41 17.59 19 19 17.59 13.41 12z"
              />
            </svg>
          </div>
          <div
            class="flex gap-y-1 gap-x-6 justify-between relative"
          >
            <div
              class="absolute w-full h-full z-10 hidden"
            />
            <div
              class="flex items-center gap-2 cursor-pointer"
            >
              <svg
                viewBox="0 0 20 20"
              >
                <symbol
                  fill="none"
                  id="bc473900"
                  viewBox="0 0 20 20"
                  xmlns="http://www.w3.org/2000/svg"
                >
                  <rect
                    fill="#EA001E"
                    height="20"
                    rx="4"
                    width="20"
                  />
                  <path
                    d="M16.0458 5.4856C16.3299 5.78703 16.3158 6.26169 16.0144 6.54579L8.08456 14.0197C7.74829 14.3366 7.22042 14.3269 6.89609 13.9977L4.21576 11.2774C3.92504 10.9823 3.92856 10.5075 4.22361 10.2167C4.51867 9.92602 4.99353 9.92954 5.28424 10.2246L7.51839 12.4921L14.9856 5.45421C15.287 5.17011 15.7617 5.18416 16.0458 5.4856Z"
                    fill="white"
                  />
                </symbol>
                <use
                  href="#bc473900"
                />
              </svg>
              <div
                class="text-medium text-black-100"
              >
                ODP
              </div>
            </div>
            <div
              class="flex items-center gap-2 cursor-pointer"
            >
              <svg
                viewBox="0 0 20 20"
              >
                <symbol
                  fill="none"
                  id="4408ce7e"
                  viewBox="0 0 20 20"
                  xmlns="http://www.w3.org/2000/svg"
                >
                  <rect
                    height="19"
                    rx="3.5"
                    stroke="#C8CACD"
                    width="19"
                    x="0.5"
                    y="0.5"
                  />
                </symbol>
                <use
                  href="#4408ce7e"
                />
              </svg>
              <div
                class="text-medium text-black-100"
              >
                Building
              </div>
            </div>
            <div
              class="flex items-center gap-2 cursor-pointer"
            >
              <svg
                viewBox="0 0 20 20"
              >
                <symbol
                  fill="none"
                  id="4408ce7e"
                  viewBox="0 0 20 20"
                  xmlns="http://www.w3.org/2000/svg"
                >
                  <rect
                    height="19"
                    rx="3.5"
                    stroke="#C8CACD"
                    width="19"
                    x="0.5"
                    y="0.5"
                  />
                </symbol>
                <use
                  href="#4408ce7e"
                />
              </svg>
              <div
                class="text-medium text-black-100"
              >
                Heatmap
              </div>
            </div>
          </div>
          <button
            class="flex group items-center justify-center gap-2 whitespace-nowrap relative rounded-lg border h-fit px-3 py-2 font-bold bg-primary-40 border-primary-40 text-white w-full"
            type="button"
          >
            <div
              class="flex items-center gap-1"
            >
              Terapkan
            </div>
            <div
              class="absolute invisible left-0 top-0 w-full h-full group-hover:visible bg-black/5"
            />
          </button>
        </div>
      </div>
    </div>
  </div>
</DocumentFragment>
`;
